// Jest Snapshot v1, https://goo.gl/fbAQLP

exports[`<HomeScreen /> 2 renders as expected 1`] = `
<View
  style={
    {
      "flex": 1,
      "flexDirection": "column",
    }
  }
>
  <RCTScrollView
    contentContainerStyle={
      {
        "flexGrow": 1,
      }
    }
  >
    <View>
      <View
        style={
          {
            "alignItems": "center",
            "backgroundColor": "#FFD0B5",
            "flex": 1,
            "justifyContent": "center",
            "margin": 20,
            "padding": 20,
          }
        }
      >
        <Text
          style={
            {
              "color": "#000",
              "fontSize": 48,
              "fontWeight": "700",
              "lineHeight": 72,
            }
          }
        >
          Olá pessoas!
        </Text>
        <View
          accessible={true}
          collapsable={false}
          focusable={true}
          onClick={[Function]}
          onResponderGrant={[Function]}
          onResponderMove={[Function]}
          onResponderRelease={[Function]}
          onResponderTerminate={[Function]}
          onResponderTerminationRequest={[Function]}
          onStartShouldSetResponder={[Function]}
          style={
            {
              "backgroundColor": "transparent",
              "opacity": 1,
            }
          }
        >
          <Text
            style={
              {
                "color": "#000",
                "fontSize": 16,
                "fontWeight": "400",
                "lineHeight": 24,
              }
            }
          >
            Go to Storybook
          </Text>
        </View>
      </View>
      <View
        style={
          {
            "alignItems": "center",
            "backgroundColor": "#FFD0B5",
            "height": 1000,
            "justifyContent": "center",
            "margin": 20,
            "padding": 20,
          }
        }
      >
        <Text
          style={
            {
              "color": "#000",
              "fontSize": 16,
              "fontWeight": "400",
              "lineHeight": 24,
            }
          }
        >
          Olá pessoas!
        </Text>
        <View
          accessible={true}
          collapsable={false}
          focusable={true}
          onClick={[Function]}
          onResponderGrant={[Function]}
          onResponderMove={[Function]}
          onResponderRelease={[Function]}
          onResponderTerminate={[Function]}
          onResponderTerminationRequest={[Function]}
          onStartShouldSetResponder={[Function]}
          style={
            {
              "backgroundColor": "transparent",
              "opacity": 1,
            }
          }
        >
          <Text
            style={
              {
                "color": "#000",
                "fontSize": 16,
                "fontWeight": "400",
                "lineHeight": 24,
              }
            }
          >
            Go to Storybook
          </Text>
        </View>
      </View>
    </View>
  </RCTScrollView>
</View>
`;
