// Jest Snapshot v1, https://goo.gl/fbAQLP

exports[`<HomeScreen /> renders as expected 1`] = `
.emotion-0 {
  display: -webkit-box;
  display: -webkit-flex;
  display: -ms-flexbox;
  display: flex;
  -webkit-flex: 1;
  -ms-flex: 1;
  flex: 1;
  -webkit-flex-direction: column;
  -ms-flex-direction: column;
  flex-direction: column;
  background-color: #F7F7F7;
  -webkit-align-items: center;
  -webkit-box-align: center;
  -ms-flex-align: center;
  align-items: center;
  -webkit-box-pack: center;
  -ms-flex-pack: center;
  -webkit-justify-content: center;
  justify-content: center;
}

.emotion-1 {
  display: -webkit-box;
  display: -webkit-flex;
  display: -ms-flexbox;
  display: flex;
  -webkit-flex-direction: column;
  -ms-flex-direction: column;
  flex-direction: column;
  width: 100%;
  -webkit-flex: 1;
  -ms-flex: 1;
  flex: 1;
  padding-top: 48px;
  padding-bottom: 0px;
}

@media screen and (min-width: 640px) {
  .emotion-1 {
    -webkit-flex: 0;
    -ms-flex: 0;
    flex: 0;
    max-width: 400px;
    padding-bottom: 48px;
  }
}

.emotion-2 {
  display: -webkit-box;
  display: -webkit-flex;
  display: -ms-flexbox;
  display: flex;
  -webkit-flex-direction: column;
  -ms-flex-direction: column;
  flex-direction: column;
  -webkit-flex: 1;
  -ms-flex: 1;
  flex: 1;
}

@media screen and (min-width: 640px) {
  .emotion-2 {
    display: none;
  }
}

.emotion-3 {
  display: -webkit-box;
  display: -webkit-flex;
  display: -ms-flexbox;
  display: flex;
  -webkit-flex-direction: column;
  -ms-flex-direction: column;
  flex-direction: column;
  -webkit-align-items: center;
  -webkit-box-align: center;
  -ms-flex-align: center;
  align-items: center;
}

.emotion-4 {
  display: -webkit-box;
  display: -webkit-flex;
  display: -ms-flexbox;
  display: flex;
  -webkit-flex-direction: column;
  -ms-flex-direction: column;
  flex-direction: column;
  width: 56px;
  height: 56px;
}

.emotion-5 {
  display: -webkit-box;
  display: -webkit-flex;
  display: -ms-flexbox;
  display: flex;
  -webkit-flex-direction: column;
  -ms-flex-direction: column;
  flex-direction: column;
}

.emotion-6 {
  display: -webkit-box;
  display: -webkit-flex;
  display: -ms-flexbox;
  display: flex;
  -webkit-flex-direction: column;
  -ms-flex-direction: column;
  flex-direction: column;
  text-align: center;
}

.emotion-7 {
  display: block;
  font-weight: 700;
  line-height: 1.1;
  font-size: 30px;
  margin-top: 24px;
}

.emotion-8 {
  display: block;
  font-weight: 400;
  line-height: 1.5;
  font-size: 16px;
  text-align: center;
}

.emotion-9 {
  display: inline;
  background: var(--chakra-colors-transparent);
  border: var(--chakra-borders-none);
  -webkit-transition: opacity 0.2s;
  transition: opacity 0.2s;
  -webkit-text-decoration: underline;
  text-decoration: underline;
}

.emotion-9:hover,
.emotion-9[data-hover] {
  opacity: 0.6;
}

.emotion-9:focus-visible,
.emotion-9[data-focus-visible] {
  border-radius: 2px;
  outline: 2px solid currentColor;
}

.emotion-10 {
  display: -webkit-box;
  display: -webkit-flex;
  display: -ms-flexbox;
  display: flex;
  -webkit-flex-direction: column;
  -ms-flex-direction: column;
  flex-direction: column;
  box-shadow: 0 1px 3px 0 rgb(0 0 0 / 0.1),0 1px 2px -1px rgb(0 0 0 / 0.1);
  background-color: #FFFFFF;
  margin-top: 24px;
  padding-top: 32px;
  padding-bottom: 32px;
  -webkit-padding-start: 40px;
  padding-inline-start: 40px;
  -webkit-padding-end: 40px;
  padding-inline-end: 40px;
  color: #7E7E7E;
}

@media screen and (min-width: 640px) {
  .emotion-10 {
    border-radius: 8px;
  }
}

.emotion-11 {
  display: -webkit-box;
  display: -webkit-flex;
  display: -ms-flexbox;
  display: flex;
  -webkit-flex-direction: column;
  -ms-flex-direction: column;
  flex-direction: column;
  width: 100%;
  margin: auto;
  max-width: 320px;
}

@media screen and (min-width: 640px) {
  .emotion-11 {
    max-width: 100%;
  }
}

.emotion-13 {
  display: -webkit-box;
  display: -webkit-flex;
  display: -ms-flexbox;
  display: flex;
  -webkit-flex-direction: column;
  -ms-flex-direction: column;
  flex-direction: column;
  padding-bottom: 40px;
}

.emotion-14 {
  display: -webkit-box;
  display: -webkit-flex;
  display: -ms-flexbox;
  display: flex;
  -webkit-flex-direction: column;
  -ms-flex-direction: column;
  flex-direction: column;
  font-weight: 600;
  line-height: 1.5;
  font-size: 14px;
  color: #515151;
}

.emotion-15 {
  display: -webkit-box;
  display: -webkit-flex;
  display: -ms-flexbox;
  display: flex;
  -webkit-flex-direction: column;
  -ms-flex-direction: column;
  flex-direction: column;
  font-weight: 400;
  line-height: 1.5;
  font-size: 14px;
  width: 100%;
  border-width: 1px;
  border-color: #9E9E9E;
  border-style: solid;
  border-radius: 6px;
  box-shadow: 0 1px 2px 0 rgb(0 0 0 / 0.05);
  -webkit-padding-start: 8px;
  padding-inline-start: 8px;
  -webkit-padding-end: 8px;
  padding-inline-end: 8px;
  padding-top: 12px;
  padding-bottom: 12px;
  outline: 2px solid transparent;
  outline-offset: 2px;
  margin-top: 4px;
}

.emotion-15:focus,
.emotion-15[data-focus] {
  box-shadow: rgb(255, 255, 255) 0px 0px 0px 0px,#F35627 0px 0px 0px 1px,rgba(0, 0, 0, 0.05) 0px 1px 2px 0px;
  border-color: #F35627;
}

.emotion-16 {
  display: -webkit-box;
  display: -webkit-flex;
  display: -ms-flexbox;
  display: flex;
  -webkit-flex-direction: column;
  -ms-flex-direction: column;
  flex-direction: column;
  position: relative;
}

.emotion-17 {
  display: -webkit-box;
  display: -webkit-flex;
  display: -ms-flexbox;
  display: flex;
  background: var(--chakra-colors-transparent);
  border: var(--chakra-borders-none);
  -webkit-transition: opacity 0.2s;
  transition: opacity 0.2s;
  border-width: 1px;
  border-color: var(--chakra-colors-transparent);
  color: #FFFFFF;
  background-color: #F35627;
  box-shadow: 0 1px 3px 0 rgb(0 0 0 / 0.1),0 1px 2px -1px rgb(0 0 0 / 0.1);
  overflow: initial;
  -webkit-align-items: center;
  -webkit-box-align: center;
  -ms-flex-align: center;
  align-items: center;
  -webkit-box-pack: center;
  -ms-flex-pack: center;
  -webkit-justify-content: center;
  justify-content: center;
  -webkit-flex: 1;
  -ms-flex: 1;
  flex: 1;
  -webkit-appearance: none;
  -moz-appearance: none;
  -ms-appearance: none;
  appearance: none;
  gap: 8px;
  border-radius: 6px;
  padding-top: 8px;
  padding-bottom: 8px;
  -webkit-padding-start: 16px;
  padding-inline-start: 16px;
  -webkit-padding-end: 16px;
  padding-inline-end: 16px;
}

.emotion-17:focus-visible,
.emotion-17[data-focus-visible] {
  outline: 2px solid transparent;
  outline-offset: 2px;
  box-shadow: #FFFFFF 0px 0px 0px 2px,#F35627 0px 0px 0px 4px,rgba(0, 0, 0, 0.05) 0px 1px 2px 0px;
}

.emotion-17::-webkit-input-placeholder {
  color: #9E9E9E;
}

.emotion-17::-moz-placeholder {
  color: #9E9E9E;
}

.emotion-17:-ms-input-placeholder {
  color: #9E9E9E;
}

.emotion-17::placeholder {
  color: #9E9E9E;
}

.emotion-17:hover,
.emotion-17[data-hover] {
  opacity: 0.8;
}

.emotion-18 {
  display: block;
  font-weight: 400;
  line-height: 1.5;
  font-size: 16px;
}

.emotion-19 {
  display: -webkit-box;
  display: -webkit-flex;
  display: -ms-flexbox;
  display: flex;
  -webkit-flex-direction: row;
  -ms-flex-direction: row;
  flex-direction: row;
  margin-top: 24px;
  -webkit-align-items: center;
  -webkit-box-align: center;
  -ms-flex-align: center;
  align-items: center;
}

.emotion-20 {
  display: -webkit-box;
  display: -webkit-flex;
  display: -ms-flexbox;
  display: flex;
  -webkit-flex-direction: column;
  -ms-flex-direction: column;
  flex-direction: column;
  -webkit-flex: 1;
  -ms-flex: 1;
  flex: 1;
  height: 1px;
  background-color: #E1E1E1;
}

.emotion-21 {
  display: block;
  font-weight: 400;
  line-height: 1.5;
  font-size: 16px;
  -webkit-padding-start: 8px;
  padding-inline-start: 8px;
  -webkit-padding-end: 8px;
  padding-inline-end: 8px;
}

.emotion-23 {
  display: -webkit-box;
  display: -webkit-flex;
  display: -ms-flexbox;
  display: flex;
  -webkit-flex-direction: row;
  -ms-flex-direction: row;
  flex-direction: row;
  margin-top: 24px;
}

.emotion-24 {
  display: -webkit-box;
  display: -webkit-flex;
  display: -ms-flexbox;
  display: flex;
  background: var(--chakra-colors-transparent);
  border: var(--chakra-borders-none);
  -webkit-transition: opacity 0.2s;
  transition: opacity 0.2s;
  border-width: 1px;
  border-color: #B1B1B1;
  color: #7E7E7E;
  background-color: #FFFFFF;
  border-style: solid;
  box-shadow: 0 1px 3px 0 rgb(0 0 0 / 0.1),0 1px 2px -1px rgb(0 0 0 / 0.1);
  overflow: initial;
  -webkit-align-items: center;
  -webkit-box-align: center;
  -ms-flex-align: center;
  align-items: center;
  -webkit-box-pack: center;
  -ms-flex-pack: center;
  -webkit-justify-content: center;
  justify-content: center;
  -webkit-flex: 1;
  -ms-flex: 1;
  flex: 1;
  -webkit-appearance: none;
  -moz-appearance: none;
  -ms-appearance: none;
  appearance: none;
  gap: 8px;
  border-radius: 6px;
  padding-top: 8px;
  padding-bottom: 8px;
  -webkit-padding-start: 16px;
  padding-inline-start: 16px;
  -webkit-padding-end: 16px;
  padding-inline-end: 16px;
}

.emotion-24:focus-visible,
.emotion-24[data-focus-visible] {
  outline: 2px solid transparent;
  outline-offset: 2px;
  box-shadow: #FFFFFF 0px 0px 0px 2px,#B1B1B1 0px 0px 0px 4px,rgba(0, 0, 0, 0.05) 0px 1px 2px 0px;
}

.emotion-24::-webkit-input-placeholder {
  color: #9E9E9E;
}

.emotion-24::-moz-placeholder {
  color: #9E9E9E;
}

.emotion-24:-ms-input-placeholder {
  color: #9E9E9E;
}

.emotion-24::placeholder {
  color: #9E9E9E;
}

.emotion-24:hover,
.emotion-24[data-hover] {
  opacity: 0.8;
}

.emotion-26 {
  display: -webkit-box;
  display: -webkit-flex;
  display: -ms-flexbox;
  display: flex;
  -webkit-flex-direction: column;
  -ms-flex-direction: column;
  flex-direction: column;
  -webkit-flex: 1;
  -ms-flex: 1;
  flex: 1;
  background-color: #FFFFFF;
}

@media screen and (min-width: 640px) {
  .emotion-26 {
    display: none;
  }
}

<div>
  <div
    class="emotion-0"
  >
    <div
      class="emotion-1"
    >
      <div
        class="emotion-2"
      />
      <div
        class="emotion-3"
      >
        <picture
          class="emotion-4"
        >
          <img
            alt="Logo DevSoutinho"
            class="emotion-5"
            src="https://www.datocms-assets.com/85225/1673400260-logo-devsoutinho.png"
            style="border-radius: 9999px; object-fit: cover; width: 100%; height: 100%;"
          />
        </picture>
        <div
          class="emotion-6"
        >
          <p
            class="emotion-7"
          >
            Entre na sua conta
          </p>
          <p
            class="emotion-8"
          >
            Ou 
            <a
              class="emotion-9"
              href="/dashboard"
            >
              entre no modo público
            </a>
          </p>
        </div>
      </div>
      <div
        class="emotion-10"
      >
        <div
          class="emotion-11"
        >
          <form
            class="emotion-5"
          >
            <div
              class="emotion-13"
            >
              <label
                class="emotion-14"
              >
                Email
                <input
                  aria-describedby="inputtext_undefined_error"
                  aria-errormessage="inputtext_undefined_error"
                  class="emotion-15"
                  id="inputtext_undefined"
                  type="text"
                />
              </label>
              <div
                class="emotion-16"
              />
            </div>
            <button
              class="emotion-17"
              type="submit"
            >
              <p
                class="emotion-18"
              >
                Entrar
              </p>
            </button>
          </form>
          <div
            class="emotion-19"
          >
            <div
              class="emotion-20"
            />
            <p
              class="emotion-21"
            >
              Ou continue com
            </p>
            <div
              class="emotion-20"
            />
          </div>
          <div
            class="emotion-23"
          >
            <button
              class="emotion-24"
            >
              <p
                class="emotion-18"
              >
                GitHub
              </p>
            </button>
          </div>
        </div>
      </div>
      <div
        class="emotion-26"
      />
    </div>
  </div>
  <span
    hidden=""
    id="__chakra_env"
  />
</div>
`;
